../Core/Src/main.c:126:6:printMenu	8	static
../Core/Src/main.c:147:9:hasElapsed	16	static
../Core/Src/main.c:158:6:runOledTest	24	static
../Core/Src/main.c:178:6:runAdcTest	24	static
../Core/Src/main.c:230:6:HAL_ADC_ConvCpltCallback	16	static
../Core/Src/main.c:246:6:runDhtTest	64	static
../Core/Src/main.c:295:8:readSensors	16	static
../Core/Src/main.c:306:8:evaluateMoldRisk	24	static
../Core/Src/main.c:320:6:showMoldWarning	16	static
../Core/Src/main.c:333:6:evaluateAndDisplayRisk	16	static
../Core/Src/main.c:348:6:runMoldRiskTest	72	static
../Core/Src/main.c:404:5:main	16	static
../Core/Src/main.c:500:6:SystemClock_Config	88	static
../Core/Src/main.c:543:1:__io_putchar	16	static
../Core/Src/main.c:551:1:__io_getchar	16	static
../Core/Src/main.c:567:6:Error_Handler	4	static,ignoring_inline_asm
