../Core/Src/main.c:134:6:printMenu	8	static
../Core/Src/main.c:157:9:hasElapsed	16	static
../Core/Src/main.c:168:6:runOledTest	24	static
../Core/Src/main.c:188:6:runAdcTest	24	static
../Core/Src/main.c:240:6:HAL_ADC_ConvCpltCallback	16	static
../Core/Src/main.c:255:6:testAdcInterrupt	8	static
../Core/Src/main.c:278:6:runDhtTest	64	static
../Core/Src/main.c:327:8:readSensors	24	static
../Core/Src/main.c:360:8:evaluateMoldRisk	24	static
../Core/Src/main.c:374:6:showMoldWarning	16	static
../Core/Src/main.c:387:6:evaluateAndDisplayRisk	24	static
../Core/Src/main.c:406:6:runMoldRiskTest	72	static
../Core/Src/main.c:463:5:main	16	static
../Core/Src/main.c:567:6:SystemClock_Config	88	static
../Core/Src/main.c:610:1:__io_putchar	16	static
../Core/Src/main.c:618:1:__io_getchar	16	static
../Core/Src/main.c:634:6:Error_Handler	4	static,ignoring_inline_asm
